  Determining projects to restore...
  All projects are up-to-date for restore.
  The_Last_Dance_Project -> D:\The_Last_Dance_Project\The_Last_Dance_Project\bin\Debug\net9.0\The_Last_Dance_Project.dll

Build succeeded.
    0 Warning(s)
    0 Error(s)

Time Elapsed 00:00:02.30
